Script started on 2025-06-02 15:39:13-05:00 [TERM="xterm-256color" TTY="/dev/pts/0" COLUMNS="120" LINES="30"]
[?2004h]0;syx@DESKTOP-QVA55FT: /mnt/g/Disk D/UWMadison/Summer 2025/AAE718/wk_06[01;32msyx@DESKTOP-QVA55FT[00m:[01;34m/mnt/g/Disk D/UWMadison/Summer 2025/AAE718/wk_06[00m$ git init
[?2004l[33mhint: Using 'master' as the name for the initial branch. This default branch name[m
[33mhint: is subject to change. To configure the initial branch name to use in all[m
[33mhint: of your new repositories, which will suppress this warning, call:[m
[33mhint: [m
[33mhint: 	git config --global init.defaultBranch <name>[m
[33mhint: [m
[33mhint: Names commonly chosen instead of 'master' are 'main', 'trunk' and[m
[33mhint: 'development'. The just-created branch can be renamed via this command:[m
[33mhint: [m
[33mhint: 	git branch -m <name>[m
Initialized empty Git repository in /mnt/g/Disk D/UWMadison/Summer 2025/AAE718/wk_06/.git/
[?2004h]0;syx@DESKTOP-QVA55FT: /mnt/g/Disk D/UWMadison/Summer 2025/AAE718/wk_06[01;32msyx@DESKTOP-QVA55FT[00m:[01;34m/mnt/g/Disk D/UWMadison/Summer 2025/AAE718/wk_06[00m$ ls
[?2004l[0m[01;32mtypescript[0m
[?2004h]0;syx@DESKTOP-QVA55FT: /mnt/g/Disk D/UWMadison/Summer 2025/AAE718/wk_06[01;32msyx@DESKTOP-QVA55FT[00m:[01;34m/mnt/g/Disk D/UWMadison/Summer 2025/AAE718/wk_06[00m$ code .
[?2004l[?2004h]0;syx@DESKTOP-QVA55FT: /mnt/g/Disk D/UWMadison/Summer 2025/AAE718/wk_06[01;32msyx@DESKTOP-QVA55FT[00m:[01;34m/mnt/g/Disk D/UWMadison/Summer 2025/AAE718/wk_06[00m$ ls
[?2004l[0m[01;32mtry.py[0m  [01;32mtypescript[0m
[?2004h]0;syx@DESKTOP-QVA55FT: /mnt/g/Disk D/UWMadison/Summer 2025/AAE718/wk_06[01;32msyx@DESKTOP-QVA55FT[00m:[01;34m/mnt/g/Disk D/UWMadison/Summer 2025/AAE718/wk_06[00m$ nano try1.py[K[Kc
[?2004l[?2004h[?1049h[22;0;0t[1;30r(B[m[4l[?7h[39;49m[?1h=[?1h=[?25l[39;49m(B[m[H[2J[28;55H(B[0;7m[ New File ](B[m[H(B[0;7m  GNU nano 6.2                                             try1.c                                                       [1;119H(B[m[29d(B[0;7m^G(B[m Help[29;16H(B[0;7m^O(B[m Write Out   (B[0;7m^W(B[m Where Is    (B[0;7m^K(B[m Cut[29;61H(B[0;7m^T(B[m Execute     (B[0;7m^C(B[m Location    (B[0;7mM-U(B[m Undo[106G(B[0;7mM-A(B[m Set Mark[30d(B[0;7m^X(B[m Exit[30;16H(B[0;7m^R(B[m Read File   (B[0;7m^\(B[m Replace     (B[0;7m^U(B[m Paste[61G(B[0;7m^J(B[m Justify     (B[0;7m^/(B[m Go To Line  (B[0;7mM-E(B[m Redo[106G(B[0;7mM-6(B[m Copy[2d[?12l[?25h[?25l[1;67H(B[0;7m*[119G(B[m[?12l[?25h[2d(B[0;1m[36m#[39m(B[m[?25l[?12l[?25h#i[?25l[?12l[?25hn[?25l[?12l[?25hc[?25l[?12l[?25hl[?25l[?12l[?25hu[?25l[?12l[?25hd[?25l[?12l[?25h(B[0;1m[36m#include[39m(B[m[?25l[?12l[?25h[42m [49m(B[m[?25l[?12l[?25h <[?25l[?12l[?25h>[?25l[?12l[?25h[?25l[?12l[?25h(B[0;1m[33m <i>[39m(B[m[?25l[?12l[?25h(B[0;1m[33mo>[39m(B[m[?25l[?12l[?25h(B[0;1m[33ms>[39m(B[m[?25l[?12l[?25h(B[0;1m[33mt>[39m(B[m[?25l[?12l[?25h(B[0;1m[33m>[39m(B[m[K[?25l[?12l[?25h(B[0;1m[33m>[39m(B[m[K[?25l[?12l[?25h(B[0;1m[33m>[39m(B[m[K[?25l[28d[K[?12l[?25h[2;9H <>[K[?25l[?12l[?25h(B[0;1m[33m <s>[39m(B[m[?25l[?12l[?25h(B[0;1m[33mt>[39m(B[m[?25l[?12l[?25h(B[0;1m[33md>[39m(B[m[?25l[?12l[?25h(B[0;1m[33mi>[39m(B[m[?25l[?12l[?25h(B[0;1m[33mo>[39m(B[m[?25l[?12l[?25h(B[0;1m[33m.>[39m(B[m[?25l[?12l[?25h(B[0;1m[33mh>[39m(B[m[?25l[?12l[?25h[C[?25l[3d[?12l[?25h[?25l[4d[?12l[?25h[?25l[?12l[?25hi[?25l[?12l[?25hn[?25l[?12l[?25h[32mint[39m(B[m[?25l[?12l[?25h[42m [49m(B[m[?25l[?12l[?25h m[?25l[?12l[?25ha[?25l[?12l[?25hi[?25l[?12l[?25hn[?25l[?12l[?25h([?25l[?12l[?25h)[?25l[?12l[?25h[42m [49m(B[m[?25l[?12l[?25h {[?25l[5d[?12l[?25h[?25l[6d[?12l[?25h[?25l[7d[?12l[?25h[?25l[?12l[?25h}[?25l[?12l[?25h[A[?25l[?12l[?25h[42m [49m(B[m[?25l[?12l[?25h[K[?25l[?12l[?25h[8G[42m[1K [49m(B[m[?25l[?12l[?25h[1K r[?25l[?12l[?25he[?25l[?12l[?25ht[?25l[?12l[?25hu[?25l[?12l[?25hr[?25l[?12l[?25h[9G[35mreturn[39m(B[m[?25l[?12l[?25h[42m [49m(B[m[?25l[?12l[?25h 0[?25l[?12l[?25h;[?25l[?12l[?25h[A[?25l[?12l[?25h[8G[42m[1K [49m(B[m[?25l[?12l[?25h[1K f[?25l[?12l[?25h[42m[1K [49m(B[m [?25l[?12l[?25h[1K p[?25l[?12l[?25hr[?25l[?12l[?25hi[?25l[?12l[?25hn[?25l[?12l[?25ht[?25l[?12l[?25hf[?25l[?12l[?25h([?25l[?12l[?25h)[?25l[?12l[?25h;[?25l[?12l[?25h[?25l[?12l[?25h[?25l[?12l[?25h");[?25l[?12l[?25h(B[0;1m[33m""[39m(B[m);[?25l[?12l[?25h[?25l[?12l[?25h(B[0;1m[33mH"[39m(B[m);[?25l[?12l[?25h(B[0;1m[33mw"[39m(B[m);[?25l[?12l[?25h(B[0;1m[33m"[39m(B[m);[K[?25l[?12l[?25h(B[0;1m[33me"[39m(B[m);[?25l[?12l[?25h(B[0;1m[33ml"[39m(B[m);[?25l[?12l[?25h(B[0;1m[33mll"[39m(B[m);[?25l[?12l[?25h(B[0;1m[33mo"[39m(B[m);[?25l[?12l[?25h(B[0;1m[33mW"[39m(B[m);[?25l[?12l[?25h(B[0;1m[33mo"[39m(B[m);[?25l[?12l[?25h(B[0;1m[33mr"[39m(B[m);[?25l[?12l[?25h(B[0;1m[33ml"[39m(B[m);[?25l[?12l[?25h(B[0;1m[33md"[39m(B[m);[?25l[?12l[?25h(B[0;1m[33m!"[39m(B[m);[?25l[29;16H[15X[29;31H(B[0;7mM-D(B[m DOS Format       [29;61H(B[0;7mM-A(B[m Append[16X[29;93H(B[0;7mB(B[m Backup File[K[30;2H(B[0;7mC(B[m Cancel[16G[15X[30;31H(B[0;7mM-M(B[m Mac Format         [61G(B[0;7mM-P(B[m Prepend[19X[30;91H(B[0;7m^T(B[m Browse[K[28d(B[0;7mFile Name to Write: try1.c                                                                                              [28;27H(B[m[?12l[?25h[?25l[28;53H[1K (B[0;7m[ Writing... ](B[m[K[1;67H(B[0;7m [119G(B[m[28;52H(B[0;7m[ Wrote 6 lines ](B[m[29;16H(B[0;7m^O(B[m Write Out   (B[0;7m^W(B[m Where Is    (B[0;7m^K(B[m Cut[29;61H(B[0;7m^T(B[m Execute     (B[0;7m^C(B[m Location[93G(B[0;7mU(B[m Undo       (B[0;7mM-A(B[m Set Mark[30;2H(B[0;7mX(B[m Exit  [16G(B[0;7m^R(B[m Read File   (B[0;7m^\(B[m Replace     (B[0;7m^U(B[m Paste[61G(B[0;7m^J(B[m Justify     (B[0;7m^/(B[m Go To Line  (B[0;7mM-E(B[m Redo [106G(B[0;7mM-6(B[m Copy[?12l[?25h[5;28H[?25l[28d[J[30d[?12l[?25h[30;1H[?1049l[23;0;0t[?1l>[?2004l[?2004h]0;syx@DESKTOP-QVA55FT: /mnt/g/Disk D/UWMadison/Summer 2025/AAE718/wk_06[01;32msyx@DESKTOP-QVA55FT[00m:[01;34m/mnt/g/Disk D/UWMadison/Summer 2025/AAE718/wk_06[00m$ ls
[?2004l[0m[01;32mtry.py[0m  [01;32mtry1.c[0m  [01;32mtypescript[0m
[?2004h]0;syx@DESKTOP-QVA55FT: /mnt/g/Disk D/UWMadison/Summer 2025/AAE718/wk_06[01;32msyx@DESKTOP-QVA55FT[00m:[01;34m/mnt/g/Disk D/UWMadison/Summer 2025/AAE718/wk_06[00m$ git stu[K[K[Kbranch
[?2004l[?1h=[K[?1l>[?2004h]0;syx@DESKTOP-QVA55FT: /mnt/g/Disk D/UWMadison/Summer 2025/AAE718/wk_06[01;32msyx@DESKTOP-QVA55FT[00m:[01;34m/mnt/g/Disk D/UWMadison/Summer 2025/AAE718/wk_06[00m$ git status
[?2004lOn branch master

No commits yet

Untracked files:
  (use "git add <file>..." to include in what will be committed)
	[31mtry.py[m
	[31mtry1.c[m
	[31mtypescript[m

nothing added to commit but untracked files present (use "git add" to track)
[?2004h]0;syx@DESKTOP-QVA55FT: /mnt/g/Disk D/UWMadison/Summer 2025/AAE718/wk_06[01;32msyx@DESKTOP-QVA55FT[00m:[01;34m/mnt/g/Disk D/UWMadison/Summer 2025/AAE718/wk_06[00m$ git add .
[?2004l[?2004h]0;syx@DESKTOP-QVA55FT: /mnt/g/Disk D/UWMadison/Summer 2025/AAE718/wk_06[01;32msyx@DESKTOP-QVA55FT[00m:[01;34m/mnt/g/Disk D/UWMadison/Summer 2025/AAE718/wk_06[00m$ git commit ""T"h"i"s" "i"s" "t"h"e" "[1@-[1@m[1@ [C[C[C[C[C[C[C[C[C[C[C[C[C[1P"[1P"[1P"[1P"t"h"e" "f"i"r"s"t" "c"o"m"m"i"t" "a"n"d" "I" "a"d"d" [A]0;syx@DESKTOP-QVA55FT: /mnt/g/Disk D/UWMadison/Summer 2025/AAE718/wk_06[01;32msyx@DESKTOP-QVA55FT[00m:[01;34m/mnt/g/Disk D/UWMadison/Summer 2025/AAE718/wk_06[00m$ [C[C[C[C[C[C[C[C[C[C[C[C[C[C[C[C[C[C[C[C[C[C[C[C[C[C[C[C[C[C[C[C[C[C[C[C[C[C[C[C[C[C[C[C[C[C[C[C[Cd"[A[C[C[C[C[C[C[C[C[C[C[C[C[C[C[C[C[C[C[C[C[C[C[C[C[C[C[C[C[C[C[C[C[C[C[C[C[C[C[C[C[C[C[C[C[C[C[C[C[C[C[C[C[C[C[C[C[C[C[C[C[C[C[C[C[C[C[C[C[C[C[C[C[C[C[C[C[C[C[C[C[C[C[C[C[C[C[C[C[C[C[C[C[C[C[C[C[C[C[C[C[C[C[C[C[C[C[C[C[C[C[C[C[C[C[C[C[C[C[C" [K[A[C[C[C[C[C[C[C[C[C[C[C[C[C[C[C[C[C[C[C[C[C[C[C[C[C[C[C[C[C[C[C[C[C[C[C[C[C[C[C[C[C[C[C[C[C[C[C[C[C[C[C[C[C[C[C[C[C[C[C[C[C[C[C[C[C[C[C[C[C[C[C[C[C[C[C[C[C[C[C[C[C[C[C[C[C[C[C[C[C[C[C[C[C[C[C[C[C[C[C[C[C[C[C[C[C[C[C[C[C[C[C[C[C[C[C[C[C[C[C "t"h"r"e"e" "t"[1P"f"i"l"e"s" "[1P":" "t"y"r"[1P"[1P"r"y"."p"y"," "t"r"y"1"."p"y"[1P"[1P"c"," "t"y"p"e"s"c"r"i"p"t"
[?2004l[master (root-commit) 12a65bd] This is the first commit and I add three files: try.py, try1.c, typescript
 3 files changed, 30 insertions(+)
 create mode 100644 try.py
 create mode 100644 try1.c
 create mode 100644 typescript
[?2004h]0;syx@DESKTOP-QVA55FT: /mnt/g/Disk D/UWMadison/Summer 2025/AAE718/wk_06[01;32msyx@DESKTOP-QVA55FT[00m:[01;34m/mnt/g/Disk D/UWMadison/Summer 2025/AAE718/wk_06[00m$ git branch
[?2004l[?1h=* [32mmaster[m[m
[K[?1l>[?2004h]0;syx@DESKTOP-QVA55FT: /mnt/g/Disk D/UWMadison/Summer 2025/AAE718/wk_06[01;32msyx@DESKTOP-QVA55FT[00m:[01;34m/mnt/g/Disk D/UWMadison/Summer 2025/AAE718/wk_06[00m$ git checkout -b wk_06
[?2004lSwitched to a new branch 'wk_06'
[?2004h]0;syx@DESKTOP-QVA55FT: /mnt/g/Disk D/UWMadison/Summer 2025/AAE718/wk_06[01;32msyx@DESKTOP-QVA55FT[00m:[01;34m/mnt/g/Disk D/UWMadison/Summer 2025/AAE718/wk_06[00m$ git branch
[?2004l[?1h=  master[m[m
* [32mwk_06[m[m
[K[?1l>[?2004h]0;syx@DESKTOP-QVA55FT: /mnt/g/Disk D/UWMadison/Summer 2025/AAE718/wk_06[01;32msyx@DESKTOP-QVA55FT[00m:[01;34m/mnt/g/Disk D/UWMadison/Summer 2025/AAE718/wk_06[00m$ ls
[?2004l[0m[01;32mtry.py[0m  [01;32mtry1.c[0m  [01;32mtypescript[0m
[?2004h]0;syx@DESKTOP-QVA55FT: /mnt/g/Disk D/UWMadison/Summer 2025/AAE718/wk_06[01;32msyx@DESKTOP-QVA55FT[00m:[01;34m/mnt/g/Disk D/UWMadison/Summer 2025/AAE718/wk_06[00m$ m[Ktouch README
[?2004l[?2004h]0;syx@DESKTOP-QVA55FT: /mnt/g/Disk D/UWMadison/Summer 2025/AAE718/wk_06[01;32msyx@DESKTOP-QVA55FT[00m:[01;34m/mnt/g/Disk D/UWMadison/Summer 2025/AAE718/wk_06[00m$ git status
[?2004lOn branch wk_06
Changes not staged for commit:
  (use "git add <file>..." to update what will be committed)
  (use "git restore <file>..." to discard changes in working directory)
	[31mmodified:   typescript[m

Untracked files:
  (use "git add <file>..." to include in what will be committed)
	[31mREADME[m

no changes added to commit (use "git add" and/or "git commit -a")
[?2004h]0;syx@DESKTOP-QVA55FT: /mnt/g/Disk D/UWMadison/Summer 2025/AAE718/wk_06[01;32msyx@DESKTOP-QVA55FT[00m:[01;34m/mnt/g/Disk D/UWMadison/Summer 2025/AAE718/wk_06[00m$ git add .
[?2004l[?2004h]0;syx@DESKTOP-QVA55FT: /mnt/g/Disk D/UWMadison/Summer 2025/AAE718/wk_06[01;32msyx@DESKTOP-QVA55FT[00m:[01;34m/mnt/g/Disk D/UWMadison/Summer 2025/AAE718/wk_06[00m$ git commit -m ""A"d"d" "R"E"A"D"M"E" "[1P" "a"n"d" "u"p"d"a"t"e" "t"e"h" "t"y"p"e"s"c"r"i" [A]0;syx@DESKTOP-QVA55FT: /mnt/g/Disk D/UWMadison/Summer 2025/AAE718/wk_06[01;32msyx@DESKTOP-QVA55FT[00m:[01;34m/mnt/g/Disk D/UWMadison/Summer 2025/AAE718/wk_06[00m$ [C[C[C[C[C[C[C[C[C[C[C[C[C[C[C[C[C[C[C[C[C[C[C[C[C[C[C[C[C[C[C[C[C[C[C[C[C[C[C[C[C[C[C[C[C[C[C[C[Cp"t"
[?2004l[wk_06 a3dc233] Add README and update teh typescript
 2 files changed, 17 insertions(+), 1 deletion(-)
 create mode 100644 README
[?2004h]0;syx@DESKTOP-QVA55FT: /mnt/g/Disk D/UWMadison/Summer 2025/AAE718/wk_06[01;32msyx@DESKTOP-QVA55FT[00m:[01;34m/mnt/g/Disk D/UWMadison/Summer 2025/AAE718/wk_06[00m$ git push -u origin[K[K[K[K[K[K[K[K[K[K[K[K[K[K[K[K[K[Kgit remote add origin https://github.com/Sethanyx/AAE718.git
[?2004l[?2004h]0;syx@DESKTOP-QVA55FT: /mnt/g/Disk D/UWMadison/Summer 2025/AAE718/wk_06[01;32msyx@DESKTOP-QVA55FT[00m:[01;34m/mnt/g/Disk D/UWMadison/Summer 2025/AAE718/wk_06[00m$ git push -u origin wk_06
[?2004lUsername for 'https://github.com': Sethanyx
Password for 'https://Sethanyx@github.com': 
Enumerating objects: 9, done.
Counting objects:  11% (1/9)Counting objects:  22% (2/9)Counting objects:  33% (3/9)Counting objects:  44% (4/9)Counting objects:  55% (5/9)Counting objects:  66% (6/9)Counting objects:  77% (7/9)Counting objects:  88% (8/9)Counting objects: 100% (9/9)Counting objects: 100% (9/9), done.
Delta compression using up to 16 threads
Compressing objects:  14% (1/7)Compressing objects:  28% (2/7)Compressing objects:  42% (3/7)Compressing objects:  57% (4/7)Compressing objects:  71% (5/7)Compressing objects:  85% (6/7)Compressing objects: 100% (7/7)Compressing objects: 100% (7/7), done.
Writing objects:  11% (1/9)Writing objects:  22% (2/9)Writing objects:  33% (3/9)Writing objects:  44% (4/9)Writing objects:  55% (5/9)Writing objects:  66% (6/9)Writing objects:  77% (7/9)Writing objects:  88% (8/9)Writing objects: 100% (9/9)Writing objects: 100% (9/9), 2.47 KiB | 211.00 KiB/s, done.
Total 9 (delta 1), reused 0 (delta 0), pack-reused 0
remote: Resolving deltas:   0% (0/1)[Kremote: Resolving deltas: 100% (1/1)[Kremote: Resolving deltas: 100% (1/1), done.[K
To https://github.com/Sethanyx/AAE718.git
 * [new branch]      wk_06 -> wk_06
Branch 'wk_06' set up to track remote branch 'wk_06' from 'origin'.
[?2004h]0;syx@DESKTOP-QVA55FT: /mnt/g/Disk D/UWMadison/Summer 2025/AAE718/wk_06[01;32msyx@DESKTOP-QVA55FT[00m:[01;34m/mnt/g/Disk D/UWMadison/Summer 2025/AAE718/wk_06[00m$ git branch
[?2004l[?1h=  master[m[m
* [32mwk_06[m[m
[K[?1l>[?2004h]0;syx@DESKTOP-QVA55FT: /mnt/g/Disk D/UWMadison/Summer 2025/AAE718/wk_06[01;32msyx@DESKTOP-QVA55FT[00m:[01;34m/mnt/g/Disk D/UWMadison/Summer 2025/AAE718/wk_06[00m$ git checkout -b wk_06_new
[?2004lSwitched to a new branch 'wk_06_new'
[?2004h]0;syx@DESKTOP-QVA55FT: /mnt/g/Disk D/UWMadison/Summer 2025/AAE718/wk_06[01;32msyx@DESKTOP-QVA55FT[00m:[01;34m/mnt/g/Disk D/UWMadison/Summer 2025/AAE718/wk_06[00m$ git branch
[?2004l[?1h=  master[m[m
  wk_06[m[m
* [32mwk_06_new[m[m
[K[?1l>[?2004h]0;syx@DESKTOP-QVA55FT: /mnt/g/Disk D/UWMadison/Summer 2025/AAE718/wk_06[01;32msyx@DESKTOP-QVA55FT[00m:[01;34m/mnt/g/Disk D/UWMadison/Summer 2025/AAE718/wk_06[00m$ ls
[?2004l[0m[01;32mREADME[0m  [01;32mtry.py[0m  [01;32mtry1.c[0m  [01;32mtypescript[0m
[?2004h]0;syx@DESKTOP-QVA55FT: /mnt/g/Disk D/UWMadison/Summer 2025/AAE718/wk_06[01;32msyx@DESKTOP-QVA55FT[00m:[01;34m/mnt/g/Disk D/UWMadison/Summer 2025/AAE718/wk_06[00m$ nano try.py
[?2004l[?2004h[?1049h[22;0;0t[1;30r(B[m[4l[?7h[39;49m[?1h=[?1h=[?25l[39;49m(B[m[H[2J[28;54H(B[0;7m[ Reading... ](B[m[28;53H(B[0;7m[ Read 4 lines ](B[m[H(B[0;7m  GNU nano 6.2                                             try.py                                                       [1;119H(B[m[29d(B[0;7m^G(B[m Help[29;16H(B[0;7m^O(B[m Write Out   (B[0;7m^W(B[m Where Is    (B[0;7m^K(B[m Cut[29;61H(B[0;7m^T(B[m Execute     (B[0;7m^C(B[m Location    (B[0;7mM-U(B[m Undo[106G(B[0;7mM-A(B[m Set Mark[30d(B[0;7m^X(B[m Exit[30;16H(B[0;7m^R(B[m Read File   (B[0;7m^\(B[m Replace     (B[0;7m^U(B[m Paste[61G(B[0;7m^J(B[m Justify     (B[0;7m^/(B[m Go To Line  (B[0;7mM-E(B[m Redo[106G(B